downloading uv 0.12.21 x86_64-unknown-linux-gnu
installing to /root/.local/bin
  uv
  uvx
everything's installed!
info: downloading installer
info: profile set to minimal
info: default host tuple is x86_64-unknown-linux-gnu
info: syncing channel updates for stable-x86_64-unknown-linux-gnu
info: latest update on 2026-09-03 for version 1.98.1 (48a229cea 2026-09-01)
info: downloading 3 components
info: default toolchain set to stable-x86_64-unknown-linux-gnu

  stable-x86_64-unknown-linux-gnu installed - rustc 1.98.1 (48a229cea 2026-09-01)


Rust is installed now. Great!

To get started you may need to restart your current shell.
This would reload your PATH environment variable to include
Cargo's bin directory (/workspace/cargo/bin).

To configure your current shell, you need to source the
corresponding env file under /workspace/cargo.

Consider running the right command for your shell (note the leading DOT):
. "/workspace/cargo/env" # For sh/ash/dash/pdksh/bash
cargo:rerun-if-env-changed=CC_x86_64-unknown-linux-gnu
CC_x86_64-unknown-linux-gnu = None
cargo:rerun-if-env-changed=CC_x86_64_unknown_linux_gnu
CC_x86_64_unknown_linux_gnu = None
cargo:rerun-if-env-changed=HOST_CC
HOST_CC = None
cargo:rerun-if-env-changed=CC
CC = None
cargo:rerun-if-env-changed=CC_ENABLE_DEBUG_OUTPUT
cargo:rerun-if-env-changed=CRATE_CC_NO_DEFAULTS
CRATE_CC_NO_DEFAULTS = None
cargo:rerun-if-env-changed=CFLAGS
CFLAGS = None
cargo:rerun-if-env-changed=HOST_CFLAGS
HOST_CFLAGS = None
cargo:rerun-if-env-changed=CFLAGS_x86_64_unknown_linux_gnu
CFLAGS_x86_64_unknown_linux_gnu = None
cargo:rerun-if-env-changed=CFLAGS_x86_64-unknown-linux-gnu
CFLAGS_x86_64-unknown-linux-gnu = None
Cloning into '/workspace/hu20-parity'...
Note: switching to 'e18f007'.

You are in 'detached HEAD' state. You can look around, make experimental
changes and commit them, and you can discard any commits you make in this
state without impacting any branches by switching back to a branch.

If you want to create a new branch to retain commits you create, you may
do so (now or later) by using -c with the switch command. Example:

  git switch -c <new-branch-name>

Or undo this operation with:

  git switch -

Turn off this advice by setting config variable advice.detachedHead to false

HEAD is now at e18f007 Freeze bounded HU20 platform parity and resume pilot
Downloading cpython-3.11.14-linux-x86_64-gnu (download) (29.8MiB)
 Downloaded cpython-3.11.14-linux-x86_64-gnu (download)
Installed Python 3.11.14 in 1.25s
 + cpython-3.11.14-linux-x86_64-gnu (python3.11)
Using CPython 3.11.14
Creating virtual environment at: .venv
Activate with: source .venv/bin/activate
   Updating https://github.com/dberweger2017/pokers.git (5db20e3d5d6862b32a7402035c1340b622d3b005)
    Updated https://github.com/dberweger2017/pokers.git (5db20e3d5d6862b32a7402035c1340b622d3b005)
Resolved 6 packages in 3.39s
Downloading pygments (1.2MiB)
   Building pokers @ git+https://github.com/dberweger2017/pokers.git@5db20e3d5d6862b32a7402035c1340b622d3b005
 Downloaded pygments
      Built pokers @ git+https://github.com/dberweger2017/pokers.git@5db20e3d5d6862b32a7402035c1340b622d3b005
Prepared 6 packages in 33.53s
Installed 6 packages in 64ms
 + iniconfig==2.3.0
 + packaging==26.3
 + pluggy==1.6.0
 + pokers==0.2.0 (from git+https://github.com/dberweger2017/pokers.git@5db20e3d5d6862b32a7402035c1340b622d3b005)
 + pygments==2.21.0
 + pytest==9.1.1
{"status": "complete"}
{"status": "complete"}
{"equal": true}
