[2026-10-05T07:07:00Z] host
[2026-10-05T07:07:00Z] toolchain
[2026-10-05T07:07:00Z] checkout 4ade72c
[2026-10-05T07:07:00Z] tests (including the full seven-card category gate)
    Finished `release` profile [optimized] target(s) in 0.01s
     Running unittests src/lib.rs (target/release/deps/hu20_buckets-7b5d49e56649d2a5)

running 5 tests
test tests::class_keys_respect_suit_symmetry_only ... ok
test tests::evaluator_orders_categories_and_kickers ... ok
test tests::river_equity_matches_brute_force ... ok
test tests::small_deck_orbits_cover_every_raw_situation ... ok
test tests::evaluator_matches_all_seven_card_category_counts ... ok

test result: ok. 5 passed; 0 failed; 0 ignored; 0 measured; 0 filtered out; finished in 0.78s

     Running unittests src/main.rs (target/release/deps/hu20_buckets-656782e2f50d9fa0)

running 0 tests

test result: ok. 0 passed; 0 failed; 0 ignored; 0 measured; 0 filtered out; finished in 0.00s

   Doc-tests hu20_buckets

running 0 tests

test result: ok. 0 passed; 0 failed; 0 ignored; 0 measured; 0 filtered out; finished in 0.00s

[2026-10-05T07:07:01Z] compile release binary
   Compiling hu20-buckets v0.1.0 (/workspace/poker/native/hu20-buckets)
    Finished `release` profile [optimized] target(s) in 2.51s
[2026-10-05T07:07:04Z] build tables on 23 threads
[      0.0s] river-equity computing
[      8.4s] river-equity 123156254 classes
[      8.4s] turn features
[     20.7s] turn 13960050 classes
[     20.7s] flop features
[     32.4s] flop 1286792 classes
[     32.4s] river-kmeans k=50
[     68.1s] river-kmeans k=200
[    105.5s] turn-kmeans k=50
[    230.6s] turn-kmeans k=200
[    639.3s] flop-kmeans k=50
[    651.3s] flop-kmeans k=200
[    689.8s] complete all tables written
[2026-10-05T07:18:34Z] checksums
[2026-10-05T07:18:44Z] BUILD COMPLETE
