info: profile set to 'minimal'
info: default host triple is x86_64-unknown-linux-gnu
info: syncing channel updates for '1.90.0-x86_64-unknown-linux-gnu'
info: latest update on 2025-09-18, rust version 1.90.0 (1159e78c4 2025-09-14)
info: downloading component 'cargo'
info: downloading component 'rust-std'
info: downloading component 'rustc'
info: installing component 'cargo'
info: installing component 'rust-std'
info: installing component 'rustc'
info: default toolchain set to '1.90.0-x86_64-unknown-linux-gnu'

  1.90.0-x86_64-unknown-linux-gnu installed - rustc 1.90.0 (1159e78c4 2025-09-14)


Rust is installed now. Great!

To get started you may need to restart your current shell.
This would reload your PATH environment variable to include
Cargo's bin directory (/workspace/cargo/bin).

To configure your current shell, you need to source
the corresponding env file under /workspace/cargo.

This is usually done by running one of the following (note the leading DOT):
. "/workspace/cargo/env"            # For sh/bash/zsh/ash/dash/pdksh
source "/workspace/cargo/env.fish"  # For fish
source $"/workspace/cargo/env.nu"  # For nushell
Cloning into '/workspace/source'...
Note: switching to '6fbffeb5d9d5e378e51f8bbd5e6a1e0d61b52a8d'.

You are in 'detached HEAD' state. You can look around, make experimental
changes and commit them, and you can discard any commits you make in this
state without impacting any branches by switching back to a branch.

If you want to create a new branch to retain commits you create, you may
do so (now or later) by using -c with the switch command. Example:

  git switch -c <new-branch-name>

Or undo this operation with:

  git switch -

Turn off this advice by setting config variable advice.detachedHead to false

HEAD is now at 6fbffeb Identify serialization windows for late-run resource review
error: No download found for request: cpython-3.11.15-linux-x86_64-gnu
